// Jest Snapshot v1, https://goo.gl/fbAQLP

exports[`Test Calculator renders correctly 1`] = `
Array [
  <h1
    className="calculator-header"
  >
    Lets do some Maths!
  </h1>,
  <div
    className="calculator-container"
  >
    <input
      className="calculator-screen"
      type="text"
      value=""
    />
    <div
      className="calculator-keys"
    >
      <button
        className="btn-lightgrey"
        onClick={[Function]}
        type="button"
      >
        AC
      </button>
      <button
        className="btn-lightgrey"
        onClick={[Function]}
        type="button"
      >
        +/-
      </button>
      <button
        className="btn-lightgrey"
        onClick={[Function]}
        type="button"
      >
        %
      </button>
      <button
        className="btn-orange"
        onClick={[Function]}
        type="button"
      >
        รท
      </button>
      <button
        className="btn-lightgrey"
        onClick={[Function]}
        type="button"
      >
        7
      </button>
      <button
        className="btn-lightgrey"
        onClick={[Function]}
        type="button"
      >
        8
      </button>
      <button
        className="btn-lightgrey"
        onClick={[Function]}
        type="button"
      >
        9
      </button>
      <button
        className="btn-orange"
        onClick={[Function]}
        type="button"
      >
        x
      </button>
      <button
        className="btn-lightgrey"
        onClick={[Function]}
        type="button"
      >
        4
      </button>
      <button
        className="btn-lightgrey"
        onClick={[Function]}
        type="button"
      >
        5
      </button>
      <button
        className="btn-lightgrey"
        onClick={[Function]}
        type="button"
      >
        6
      </button>
      <button
        className="btn-orange"
        onClick={[Function]}
        type="button"
      >
        -
      </button>
      <button
        className="btn-lightgrey"
        onClick={[Function]}
        type="button"
      >
        1
      </button>
      <button
        className="btn-lightgrey"
        onClick={[Function]}
        type="button"
      >
        2
      </button>
      <button
        className="btn-lightgrey"
        onClick={[Function]}
        type="button"
      >
        3
      </button>
      <button
        className="btn-orange"
        onClick={[Function]}
        type="button"
      >
        +
      </button>
      <button
        className="btn-lightgrey item0"
        onClick={[Function]}
        type="button"
      >
        0
      </button>
      <button
        className="btn-lightgrey"
        onClick={[Function]}
        type="button"
      >
        .
      </button>
      <button
        className="btn-orange"
        onClick={[Function]}
        type="button"
      >
        =
      </button>
    </div>
  </div>,
]
`;
