// Jest Snapshot v1, https://goo.gl/fbAQLP

exports[`Test navigation renders correctly 1`] = `
<nav>
  <div
    className="navLogo"
  >
    <h1>
      Math Magicians
    </h1>
  </div>
  <ul
    className="navLinks"
  >
    <li>
      <a
        href="/"
        onClick={[Function]}
      >
        Home
      </a>
    </li>
    <li>
      <a
        href="/calculator"
        onClick={[Function]}
      >
        Calculator
      </a>
    </li>
    <li>
      <a
        href="/quote"
        onClick={[Function]}
      >
        Quote
      </a>
    </li>
  </ul>
</nav>
`;
