// Jest Snapshot v1, https://goo.gl/fbAQLP

exports[`Test quote component renders correctly 1`] = `
<div
  className="quote-container"
>
  <p
    className="quote-header"
  >
    Lorem ipsum dolor sit amet consectetur, adipisicing elit. Aut earum suscipit harum, ipsa, autem numquam laboriosam iusto labore necessitatibus illum, ducimus impedit quae voluptate corporis quod. Qui repudiandae, quod commodi, praesentium quidem esse accusamus aliquam tota porro asperiores nostrum sapiente sunt tenetur rem itaque nesciunt provident soluta minvero.
    <br />
    <span>
      <i>
        - William Paul Thompson
      </i>
    </span>
  </p>
</div>
`;
